#-----------------------------------------------------------
# Vivado v2025.1 (64-bit)
# SW Build 6140274 on Thu May 22 00:12:29 MDT 2025
# IP Build 6138677 on Thu May 22 03:10:11 MDT 2025
# SharedData Build 6139179 on Tue May 20 17:58:58 MDT 2025
# Start of session at: Tue Apr 21 11:07:39 2026
# Process ID         : 35828
# Current directory  : D:/workspace/Computer-Organization-2026Spring
# Command line       : vivado.exe -mode batch -source program_tailored_cpu.tcl
# Log file           : D:/workspace/Computer-Organization-2026Spring/vivado.log
# Journal file       : D:/workspace/Computer-Organization-2026Spring\vivado.jou
# Running On         : LAPTOP-ARN7U66S
# Platform           : Windows Server 2016 or Windows 10
# Operating System   : 26200
# Processor Detail   : Intel(R) Core(TM) Ultra 9 285H
# CPU Frequency      : 3686 MHz
# CPU Physical cores : 16
# CPU Logical cores  : 16
# Host memory        : 33752 MB
# Swap memory        : 28991 MB
# Total Virtual      : 62744 MB
# Available Virtual  : 18534 MB
#-----------------------------------------------------------
source program_tailored_cpu.tcl
